

                                                                      Page 1
ispLEVER 3.0  -  Device Utilization Chart         Sat Mar 31 16:30:06 2012

six_bit_counter



--------------------------------------------------------------------------------

Module                   : 'six_bit_counter'

--------------------------------------------------------------------------------

Input files:

    ABEL PLA file        : six_bit_counter.tt3
    Device library       : P22V10G.dev

Output files:

    Report file          : six_bit_counter.rpt
    Programmer load file : six_bit_counter.jed

--------------------------------------------------------------------------------


                                                                      Page 2
ispLEVER 3.0  -  Device Utilization Chart         Sat Mar 31 16:30:06 2012

six_bit_counter

P22V10G Programmed Logic:
--------------------------------------------------------------------------------



reg0.D   = (  !reg0.Q ); " ISTYPE 'BUFFER'
reg0.C   = (  CLK );

reg1.D   = (  !reg0.Q & reg1.Q 
            #   reg0.Q & !reg1.Q ); " ISTYPE 'BUFFER'
reg1.C   = (  CLK );

reg2.D   = (  !reg0.Q & reg2.Q 
            #   !reg1.Q & reg2.Q 
            #   reg0.Q & reg1.Q & !reg2.Q ); " ISTYPE 'BUFFER'
reg2.C   = (  CLK );

reg3.D   = (  !reg0.Q & reg3.Q 
            #   !reg1.Q & reg3.Q 
            #   !reg2.Q & reg3.Q 
            #   reg0.Q & reg1.Q & reg2.Q & !reg3.Q ); " ISTYPE 'BUFFER'
reg3.C   = (  CLK );

reg4.D   = (  !reg0.Q & reg4.Q 
            #   !reg1.Q & reg4.Q 
            #   !reg2.Q & reg4.Q 
            #   !reg3.Q & reg4.Q 
            #   reg0.Q & reg1.Q & reg2.Q & reg3.Q & !reg4.Q ); " ISTYPE 'BUFFER'
reg4.C   = (  CLK );



                                                                      Page 3
ispLEVER 3.0  -  Device Utilization Chart         Sat Mar 31 16:30:06 2012

six_bit_counter

P22V10G Chip Diagram:
--------------------------------------------------------------------------------




                                   P22V10G

                         +---------\       /---------+
                         |          \     /          |
                         |           -----           |
                     CLK |  1                    24  | Vcc                     
                         |                           |
                         |  2                    23  | reg4                    
                         |                           |
                         |  3                    22  | reg2                    
                         |                           |
                         |  4                    21  | reg0                    
                         |                           |
                         |  5                    20  |                         
                         |                           |
                         |  6                    19  |                         
                         |                           |
                         |  7                    18  |                         
                         |                           |
                         |  8                    17  |                         
                         |                           |
                         |  9                    16  |                         
                         |                           |
                         | 10                    15  | reg1                    
                         |                           |
                         | 11                    14  | reg3                    
                         |                           |
                     GND | 12                    13  |                         
                         |                           |
                         |                           |
                         `---------------------------'

                        SIGNATURE: N/A


                                                                      Page 4
ispLEVER 3.0  -  Device Utilization Chart         Sat Mar 31 16:30:06 2012

six_bit_counter

P22V10G Resource Allocations:
--------------------------------------------------------------------------------



        Device        | Resource  |   Design    |
       Resources      | Available | Requirement | Unused
======================|===========|=============|==============
                      |           |             |
Input Pins:           |           |             |
                      |           |             |
          Input:      |     12    |      1      |   11 ( 91 %)
                      |           |             |
Output Pins:          |           |             |
                      |           |             |
          In/Out:     |     10    |      5      |    5 ( 50 %)
          Output:     |      -    |      -      |    -
                      |           |             |
Buried Nodes:         |           |             |
                      |           |             |
          Input Reg:  |      -    |      -      |    -
          Pin Reg:    |     10    |      5      |    5 ( 50 %)
          Buried Reg: |      -    |      -      |    -


                                                                      Page 5
ispLEVER 3.0  -  Device Utilization Chart         Sat Mar 31 16:30:06 2012

six_bit_counter

P22V10G Product Terms Distribution:
--------------------------------------------------------------------------------



            Signal                       |    Pin   | Terms | Terms | Terms
             Name                        | Assigned | Used  |  Max  | Unused
=========================================|==========|=======|=======|=======
reg0.D                                   |   21     |   1   |  12   |  11
reg1.D                                   |   15     |   2   |  10   |   8
reg2.D                                   |   22     |   3   |  10   |   7
reg3.D                                   |   14     |   4   |   8   |   4
reg4.D                                   |   23     |   5   |   8   |   3


     ==== List of Inputs/Feedbacks ====

Signal Name                              | Pin      | Pin Type
=========================================|==========|=========
CLK                                      |    1     | CLK/IN


                                                                      Page 6
ispLEVER 3.0  -  Device Utilization Chart         Sat Mar 31 16:30:06 2012

six_bit_counter

P22V10G Unused Resources:
--------------------------------------------------------------------------------



 Pin   |  Pin   |   Product   | Flip-flop
Number |  Type  |   Terms     |   Type
=======|========|=============|==========
    2  |  INPUT |      -      |    -   
    3  |  INPUT |      -      |    -   
    4  |  INPUT |      -      |    -   
    5  |  INPUT |      -      |    -   
    6  |  INPUT |      -      |    -   
    7  |  INPUT |      -      |    -   
    8  |  INPUT |      -      |    -   
    9  |  INPUT |      -      |    -   
   10  |  INPUT |      -      |    -   
   11  |  INPUT |      -      |    -   
   13  |  INPUT |      -      |    -   
   16  |  BIDIR | NORMAL 12   |    D
   17  |  BIDIR | NORMAL 14   |    D
   18  |  BIDIR | NORMAL 16   |    D
   19  |  BIDIR | NORMAL 16   |    D
   20  |  BIDIR | NORMAL 14   |    D
